
> thai@1.0.0 test:e2e
> jest --config ./test/jest-e2e.json --runInBand

node.exe : Loaded Prisma config from prisma.config.ts.
At line:1 char:1
+ & "D:\nodejs/node.exe" "D:\nodejs/node_modules/npm/bin/npm-cli.js" ru ...
+ ~~~~~~~~~~~~~~~~~~~~~~~~~~~~~~~~~~~~~~~~~~~~~~~~~~~~~~~~~~~~~~~~~~~~~
    + CategoryInfo          : NotSpecified: (Loaded Prisma c...isma.config.ts.:String) [], RemoteException
    + FullyQualifiedErrorId : NativeCommandError
 

Prisma config detected, skipping environment variable loading.
Prisma schema loaded from prisma\schema.prisma
Datasource "db": PostgreSQL database "wms_mvp_test", schema "public" at "localhost:5432"
Error: P2002

Unique constraint failed on the fields: (`typname`,`typnamespace`)

(node:6068) Warning: `--localstorage-file` was provided without a valid path
(Use `node --trace-warnings ...` to show where the warning was created)
FAIL test/plan-02.e2e-spec.ts (55.046 s)
  ΓùÅ Console

    console.log
      [dotenv@17.2.3] injecting env (1) from .env.test -- tip: ΓÜÖ∩╕Å  load multiple .env files with { path: 
['.env.local', '.env'] }

      at _log (node_modules/dotenv/lib/main.js:142:11)

  ΓùÅ Plan 02 E2E - Master Data ΓÇ║ Test 1 ΓÇö Create warehouse

    Command failed: npx prisma db push --skip-generate

      135 |
      136 |   beforeAll(async () => {
    > 137 |     execSync('npx prisma db push --skip-generate', {
          |             ^
      138 |       stdio: 'inherit',
      139 |       env: process.env,
      140 |     });

      at Object.<anonymous> (test/plan-02.e2e-spec.ts:137:13)

  ΓùÅ Plan 02 E2E - Master Data ΓÇ║ Test 2 ΓÇö Duplicate warehouse code

    Command failed: npx prisma db push --skip-generate

      135 |
      136 |   beforeAll(async () => {
    > 137 |     execSync('npx prisma db push --skip-generate', {
          |             ^
      138 |       stdio: 'inherit',
      139 |       env: process.env,
      140 |     });

      at Object.<anonymous> (test/plan-02.e2e-spec.ts:137:13)

  ΓùÅ Plan 02 E2E - Master Data ΓÇ║ Test 3 ΓÇö Location unique theo warehouse

    Command failed: npx prisma db push --skip-generate

      135 |
      136 |   beforeAll(async () => {
    > 137 |     execSync('npx prisma db push --skip-generate', {
          |             ^
      138 |       stdio: 'inherit',
      139 |       env: process.env,
      140 |     });

      at Object.<anonymous> (test/plan-02.e2e-spec.ts:137:13)

  ΓùÅ Plan 02 E2E - Master Data ΓÇ║ Test 4 ΓÇö Product UoM validation

    Command failed: npx prisma db push --skip-generate

      135 |
      136 |   beforeAll(async () => {
    > 137 |     execSync('npx prisma db push --skip-generate', {
          |             ^
      138 |       stdio: 'inherit',
      139 |       env: process.env,
      140 |     });

      at Object.<anonymous> (test/plan-02.e2e-spec.ts:137:13)

  ΓùÅ Plan 02 E2E - Master Data ΓÇ║ Test 5 ΓÇö Duplicate product_uom

    Command failed: npx prisma db push --skip-generate

      135 |
      136 |   beforeAll(async () => {
    > 137 |     execSync('npx prisma db push --skip-generate', {
          |             ^
      138 |       stdio: 'inherit',
      139 |       env: process.env,
      140 |     });

      at Object.<anonymous> (test/plan-02.e2e-spec.ts:137:13)

  ΓùÅ Plan 02 E2E - Master Data ΓÇ║ Test 6 ΓÇö UoM conversion rule

    Command failed: npx prisma db push --skip-generate

      135 |
      136 |   beforeAll(async () => {
    > 137 |     execSync('npx prisma db push --skip-generate', {
          |             ^
      138 |       stdio: 'inherit',
      139 |       env: process.env,
      140 |     });

      at Object.<anonymous> (test/plan-02.e2e-spec.ts:137:13)

  ΓùÅ Plan 02 E2E - Master Data ΓÇ║ Test 7 ΓÇö RBAC

    Command failed: npx prisma db push --skip-generate

      135 |
      136 |   beforeAll(async () => {
    > 137 |     execSync('npx prisma db push --skip-generate', {
          |             ^
      138 |       stdio: 'inherit',
      139 |       env: process.env,
      140 |     });

      at Object.<anonymous> (test/plan-02.e2e-spec.ts:137:13)

  ΓùÅ Plan 02 E2E - Master Data ΓÇ║ Test 8 ΓÇö Audit create/update product

    Command failed: npx prisma db push --skip-generate

      135 |
      136 |   beforeAll(async () => {
    > 137 |     execSync('npx prisma db push --skip-generate', {
          |             ^
      138 |       stdio: 'inherit',
      139 |       env: process.env,
      140 |     });

      at Object.<anonymous> (test/plan-02.e2e-spec.ts:137:13)

Loaded Prisma config from prisma.config.ts.

Prisma config detected, skipping environment variable loading.
Prisma schema loaded from prisma\schema.prisma
Datasource "db": PostgreSQL database "wms_mvp_test", schema "public" at "localhost:5432"

The database is already in sync with the Prisma schema.

FAIL test/plan-01.e2e-spec.ts (14.062 s)
  ΓùÅ Console

    console.log
      [dotenv@17.2.3] injecting env (1) from .env.test -- tip: ΓÜÖ∩╕Å  suppress all logs with { quiet: true }

      at _log (node_modules/dotenv/lib/main.js:142:11)

    console.log
      DATABASE_URL: postgresql://postgres:postgres@localhost:5432/wms_mvp_test

      at Object.<anonymous> (test/plan-01.e2e-spec.ts:114:13)

    console.log
      DATABASE_URL_TEST: postgresql://postgres:postgres@localhost:5432/wms_mvp_test

      at Object.<anonymous> (test/plan-01.e2e-spec.ts:115:13)

    console.log
      Prisma test client current_database: wms_mvp_test

      at Object.<anonymous> (test/plan-01.e2e-spec.ts:128:13)

    console.log
      Prisma AppModule current_database: wms_mvp_test

      at Object.<anonymous> (test/plan-01.e2e-spec.ts:157:13)

  ΓùÅ Plan 01 E2E ΓÇ║ Test 4 ΓÇö Audit log (USER_LOGIN + USER_VIEW_ME)

    expect(received).toHaveLength(expected)

    Expected length: 2
    Received length: 4
    Received array:  [{"action": "USER_LOGIN", "actorUserId": "3fa255fe-a9a7-479d-8454-f1776533736a", "afterJson": 
{"id": "3fa255fe-a9a7-479d-8454-f1776533736a", "role": "manager", "username": "manager"}, "beforeJson": null, 
"correlationId": "87ced152-7160-4647-857c-356d4d9af613", "createdAt": 2026-03-20T17:03:58.585Z, "entityId": 
"3fa255fe-a9a7-479d-8454-f1776533736a", "entityType": "users", "id": "10353e98-892d-47c5-9e2d-4b2ee8a256a6", "reason": 
"User login success"}, {"action": "USER_LOGIN", "actorUserId": "ef40c119-8ad2-4029-9803-a55cc0380812", "afterJson": 
{"id": "ef40c119-8ad2-4029-9803-a55cc0380812", "role": "admin", "username": "admin"}, "beforeJson": null, 
"correlationId": "18663a9e-b83c-4b98-99fb-aaa083f64d34", "createdAt": 2026-03-20T17:03:58.596Z, "entityId": 
"ef40c119-8ad2-4029-9803-a55cc0380812", "entityType": "users", "id": "a7076677-5617-47d3-ba66-62d78faab003", "reason": 
"User login success"}, {"action": "CREATE_LOCATION", "actorUserId": "3fa255fe-a9a7-479d-8454-f1776533736a", 
"afterJson": {"code": "A1", "id": "1cc0bb20-0fd1-4a90-8677-696779dd52e1", "name": "Aisle 1", "warehouseId": 
"83b62eaa-70b3-4cab-87e5-50c1220a9b97"}, "beforeJson": null, "correlationId": "p2-t3-1", "createdAt": 
2026-03-20T17:03:58.602Z, "entityId": "1cc0bb20-0fd1-4a90-8677-696779dd52e1", "entityType": "locations", "id": 
"7fc06a04-d191-49f2-834d-e79851fae3ab", "reason": "Create location"}, {"action": "USER_VIEW_ME", "actorUserId": 
"ef40c119-8ad2-4029-9803-a55cc0380812", "afterJson": {"id": "ef40c119-8ad2-4029-9803-a55cc0380812", "role": "admin", 
"username": "admin"}, "beforeJson": null, "correlationId": "test-123", "createdAt": 2026-03-20T17:03:58.603Z, 
"entityId": "ef40c119-8ad2-4029-9803-a55cc0380812", "entityType": "users", "id": 
"5893ef98-50d1-42a0-92c3-9cf72c62d482", "reason": "View me"}]

      227 |     });
      228 |
    > 229 |     expect(auditEvents).toHaveLength(2);
          |                         ^
      230 |
      231 |     expect(auditEvents[0].action).toBe('USER_LOGIN');
      232 |     expect(auditEvents[0].actorUserId).toBe(adminUser.id);

      at Object.<anonymous> (test/plan-01.e2e-spec.ts:229:25)

Test Suites: 2 failed, 2 total
Tests:       9 failed, 5 passed, 14 total
Snapshots:   0 total
Time:        71.374 s
Ran all test suites.
